24-12-27 19:48:22 [C:\Users\Akasasin\PycharmProjects\SpeakerExtraction\SpeakerExtraction\train.py:22 - INFO ] Building the model
24-12-27 19:48:22 [C:\Users\Akasasin\PycharmProjects\SpeakerExtraction\SpeakerExtraction\train.py:26 - INFO ] Building the optimizer
24-12-27 19:48:22 [C:\Users\Akasasin\PycharmProjects\SpeakerExtraction\SpeakerExtraction\train.py:29 - INFO ] Building the dataloader
24-12-27 19:48:22 [C:\Users\Akasasin\PycharmProjects\SpeakerExtraction\SpeakerExtraction\train.py:46 - INFO ] Building the Trainer
24-12-27 19:48:22 [C:\Users\Akasasin\PycharmProjects\SpeakerExtraction\SpeakerExtraction\trainer.py:28 - INFO ] Load Nvidia GPU .....
24-12-27 19:48:22 [C:\Users\Akasasin\PycharmProjects\SpeakerExtraction\SpeakerExtraction\trainer.py:32 - INFO ] Loading Dual-Path-RNN parameters: 7.524 Mb
24-12-27 19:48:22 [C:\Users\Akasasin\PycharmProjects\SpeakerExtraction\SpeakerExtraction\trainer.py:53 - INFO ] Gradient clipping by 5, default L2
24-12-27 19:48:22 [C:\Users\Akasasin\PycharmProjects\SpeakerExtraction\SpeakerExtraction\trainer.py:102 - INFO ] Start Validation from epoch: 0, iter: 0
24-12-27 19:48:30 [C:\Users\Akasasin\PycharmProjects\SpeakerExtraction\SpeakerExtraction\trainer.py:134 - INFO ] Finished *** <epoch:0, iter:1, lr:1.000e-04, sisnr loss:0.000, accuracy: 0.000, Total time:0.118 min> 
24-12-27 19:48:30 [C:\Users\Akasasin\PycharmProjects\SpeakerExtraction\SpeakerExtraction\trainer.py:147 - INFO ] Starting epoch from 0, loss = 0.0000
24-12-27 19:48:30 [C:\Users\Akasasin\PycharmProjects\SpeakerExtraction\SpeakerExtraction\trainer.py:58 - INFO ] Start training from epoch: 1, iter: 0
24-12-27 19:48:37 [C:\Users\Akasasin\PycharmProjects\SpeakerExtraction\SpeakerExtraction\trainer.py:98 - INFO ] Finished *** <epoch:1, iter:1, lr:1.000e-04, sisnr loss:0.000, accuracy:0.000, Total time:0.120 min> 
24-12-27 19:48:37 [C:\Users\Akasasin\PycharmProjects\SpeakerExtraction\SpeakerExtraction\trainer.py:102 - INFO ] Start Validation from epoch: 1, iter: 0
24-12-27 19:48:44 [C:\Users\Akasasin\PycharmProjects\SpeakerExtraction\SpeakerExtraction\trainer.py:134 - INFO ] Finished *** <epoch:1, iter:1, lr:1.000e-04, sisnr loss:0.000, accuracy: 0.000, Total time:0.119 min> 
24-12-27 19:48:44 [C:\Users\Akasasin\PycharmProjects\SpeakerExtraction\SpeakerExtraction\trainer.py:165 - INFO ] No improvement, Best Loss: 0.0000, Accuracy: 0.0000
24-12-27 19:48:44 [C:\Users\Akasasin\PycharmProjects\SpeakerExtraction\SpeakerExtraction\trainer.py:58 - INFO ] Start training from epoch: 2, iter: 0
24-12-27 19:48:51 [C:\Users\Akasasin\PycharmProjects\SpeakerExtraction\SpeakerExtraction\trainer.py:98 - INFO ] Finished *** <epoch:2, iter:1, lr:1.000e-04, sisnr loss:0.000, accuracy:0.000, Total time:0.119 min> 
24-12-27 19:48:51 [C:\Users\Akasasin\PycharmProjects\SpeakerExtraction\SpeakerExtraction\trainer.py:102 - INFO ] Start Validation from epoch: 2, iter: 0
24-12-27 19:48:58 [C:\Users\Akasasin\PycharmProjects\SpeakerExtraction\SpeakerExtraction\trainer.py:134 - INFO ] Finished *** <epoch:2, iter:1, lr:1.000e-04, sisnr loss:0.000, accuracy: 0.000, Total time:0.120 min> 
24-12-27 19:48:58 [C:\Users\Akasasin\PycharmProjects\SpeakerExtraction\SpeakerExtraction\trainer.py:165 - INFO ] No improvement, Best Loss: 0.0000, Accuracy: 0.0000
24-12-27 19:48:58 [C:\Users\Akasasin\PycharmProjects\SpeakerExtraction\SpeakerExtraction\trainer.py:58 - INFO ] Start training from epoch: 3, iter: 0
24-12-27 19:49:05 [C:\Users\Akasasin\PycharmProjects\SpeakerExtraction\SpeakerExtraction\trainer.py:98 - INFO ] Finished *** <epoch:3, iter:1, lr:1.000e-04, sisnr loss:0.000, accuracy:0.000, Total time:0.120 min> 
24-12-27 19:49:05 [C:\Users\Akasasin\PycharmProjects\SpeakerExtraction\SpeakerExtraction\trainer.py:102 - INFO ] Start Validation from epoch: 3, iter: 0
24-12-27 19:49:12 [C:\Users\Akasasin\PycharmProjects\SpeakerExtraction\SpeakerExtraction\trainer.py:134 - INFO ] Finished *** <epoch:3, iter:1, lr:1.000e-04, sisnr loss:0.000, accuracy: 0.000, Total time:0.118 min> 
24-12-27 19:49:12 [C:\Users\Akasasin\PycharmProjects\SpeakerExtraction\SpeakerExtraction\trainer.py:165 - INFO ] No improvement, Best Loss: 0.0000, Accuracy: 0.0000
24-12-27 19:49:12 [C:\Users\Akasasin\PycharmProjects\SpeakerExtraction\SpeakerExtraction\trainer.py:58 - INFO ] Start training from epoch: 4, iter: 0
24-12-27 19:49:20 [C:\Users\Akasasin\PycharmProjects\SpeakerExtraction\SpeakerExtraction\trainer.py:98 - INFO ] Finished *** <epoch:4, iter:1, lr:1.000e-04, sisnr loss:0.000, accuracy:0.000, Total time:0.120 min> 
24-12-27 19:49:20 [C:\Users\Akasasin\PycharmProjects\SpeakerExtraction\SpeakerExtraction\trainer.py:102 - INFO ] Start Validation from epoch: 4, iter: 0
