24-12-27 23:16:10 [C:\Users\Akasasin\PycharmProjects\SpeakerExtraction\SpeakerExtraction\train.py:22 - INFO ] Building the model
24-12-27 23:16:10 [C:\Users\Akasasin\PycharmProjects\SpeakerExtraction\SpeakerExtraction\train.py:26 - INFO ] Building the optimizer
24-12-27 23:16:10 [C:\Users\Akasasin\PycharmProjects\SpeakerExtraction\SpeakerExtraction\train.py:29 - INFO ] Building the dataloader
24-12-27 23:16:10 [C:\Users\Akasasin\PycharmProjects\SpeakerExtraction\SpeakerExtraction\train.py:46 - INFO ] Building the Trainer
24-12-27 23:16:10 [C:\Users\Akasasin\PycharmProjects\SpeakerExtraction\SpeakerExtraction\trainer.py:28 - INFO ] Load Nvidia GPU .....
24-12-27 23:16:10 [C:\Users\Akasasin\PycharmProjects\SpeakerExtraction\SpeakerExtraction\trainer.py:32 - INFO ] Loading Dual-Path-RNN parameters: 7.524 Mb
24-12-27 23:16:10 [C:\Users\Akasasin\PycharmProjects\SpeakerExtraction\SpeakerExtraction\trainer.py:53 - INFO ] Gradient clipping by 5, default L2
24-12-27 23:16:10 [C:\Users\Akasasin\PycharmProjects\SpeakerExtraction\SpeakerExtraction\trainer.py:102 - INFO ] Start Validation from epoch: 0, iter: 0
24-12-27 23:16:19 [C:\Users\Akasasin\PycharmProjects\SpeakerExtraction\SpeakerExtraction\trainer.py:134 - INFO ] Finished *** <epoch:0, iter:1, lr:1.000e-04, sisnr loss:0.000, accuracy: 0.000, Total time:0.143 min> 
24-12-27 23:16:19 [C:\Users\Akasasin\PycharmProjects\SpeakerExtraction\SpeakerExtraction\trainer.py:147 - INFO ] Starting epoch from 0, loss = 0.0000
24-12-27 23:16:19 [C:\Users\Akasasin\PycharmProjects\SpeakerExtraction\SpeakerExtraction\trainer.py:58 - INFO ] Start training from epoch: 1, iter: 0
24-12-27 23:16:29 [C:\Users\Akasasin\PycharmProjects\SpeakerExtraction\SpeakerExtraction\trainer.py:98 - INFO ] Finished *** <epoch:1, iter:1, lr:1.000e-04, sisnr loss:0.000, accuracy:0.000, Total time:0.162 min> 
24-12-27 23:16:29 [C:\Users\Akasasin\PycharmProjects\SpeakerExtraction\SpeakerExtraction\trainer.py:102 - INFO ] Start Validation from epoch: 1, iter: 0
24-12-27 23:16:38 [C:\Users\Akasasin\PycharmProjects\SpeakerExtraction\SpeakerExtraction\trainer.py:134 - INFO ] Finished *** <epoch:1, iter:1, lr:1.000e-04, sisnr loss:0.000, accuracy: 0.000, Total time:0.149 min> 
24-12-27 23:16:38 [C:\Users\Akasasin\PycharmProjects\SpeakerExtraction\SpeakerExtraction\trainer.py:165 - INFO ] No improvement, Best Loss: 0.0000, Accuracy: 0.0000
24-12-27 23:16:38 [C:\Users\Akasasin\PycharmProjects\SpeakerExtraction\SpeakerExtraction\trainer.py:58 - INFO ] Start training from epoch: 2, iter: 0
24-12-27 23:16:47 [C:\Users\Akasasin\PycharmProjects\SpeakerExtraction\SpeakerExtraction\trainer.py:98 - INFO ] Finished *** <epoch:2, iter:1, lr:1.000e-04, sisnr loss:0.000, accuracy:0.000, Total time:0.150 min> 
24-12-27 23:16:47 [C:\Users\Akasasin\PycharmProjects\SpeakerExtraction\SpeakerExtraction\trainer.py:102 - INFO ] Start Validation from epoch: 2, iter: 0
24-12-27 23:16:56 [C:\Users\Akasasin\PycharmProjects\SpeakerExtraction\SpeakerExtraction\trainer.py:134 - INFO ] Finished *** <epoch:2, iter:1, lr:1.000e-04, sisnr loss:0.000, accuracy: 0.000, Total time:0.149 min> 
24-12-27 23:16:56 [C:\Users\Akasasin\PycharmProjects\SpeakerExtraction\SpeakerExtraction\trainer.py:165 - INFO ] No improvement, Best Loss: 0.0000, Accuracy: 0.0000
24-12-27 23:16:56 [C:\Users\Akasasin\PycharmProjects\SpeakerExtraction\SpeakerExtraction\trainer.py:58 - INFO ] Start training from epoch: 3, iter: 0
24-12-27 23:17:05 [C:\Users\Akasasin\PycharmProjects\SpeakerExtraction\SpeakerExtraction\trainer.py:98 - INFO ] Finished *** <epoch:3, iter:1, lr:1.000e-04, sisnr loss:0.000, accuracy:0.000, Total time:0.151 min> 
24-12-27 23:17:05 [C:\Users\Akasasin\PycharmProjects\SpeakerExtraction\SpeakerExtraction\trainer.py:102 - INFO ] Start Validation from epoch: 3, iter: 0
24-12-27 23:17:14 [C:\Users\Akasasin\PycharmProjects\SpeakerExtraction\SpeakerExtraction\trainer.py:134 - INFO ] Finished *** <epoch:3, iter:1, lr:1.000e-04, sisnr loss:0.000, accuracy: 0.000, Total time:0.147 min> 
24-12-27 23:17:14 [C:\Users\Akasasin\PycharmProjects\SpeakerExtraction\SpeakerExtraction\trainer.py:165 - INFO ] No improvement, Best Loss: 0.0000, Accuracy: 0.0000
24-12-27 23:17:14 [C:\Users\Akasasin\PycharmProjects\SpeakerExtraction\SpeakerExtraction\trainer.py:58 - INFO ] Start training from epoch: 4, iter: 0
24-12-27 23:17:22 [C:\Users\Akasasin\PycharmProjects\SpeakerExtraction\SpeakerExtraction\trainer.py:98 - INFO ] Finished *** <epoch:4, iter:1, lr:1.000e-04, sisnr loss:0.000, accuracy:0.000, Total time:0.148 min> 
24-12-27 23:17:22 [C:\Users\Akasasin\PycharmProjects\SpeakerExtraction\SpeakerExtraction\trainer.py:102 - INFO ] Start Validation from epoch: 4, iter: 0
24-12-27 23:17:31 [C:\Users\Akasasin\PycharmProjects\SpeakerExtraction\SpeakerExtraction\trainer.py:134 - INFO ] Finished *** <epoch:4, iter:1, lr:1.000e-04, sisnr loss:0.000, accuracy: 0.000, Total time:0.144 min> 
24-12-27 23:17:31 [C:\Users\Akasasin\PycharmProjects\SpeakerExtraction\SpeakerExtraction\trainer.py:165 - INFO ] No improvement, Best Loss: 0.0000, Accuracy: 0.0000
24-12-27 23:17:31 [C:\Users\Akasasin\PycharmProjects\SpeakerExtraction\SpeakerExtraction\trainer.py:58 - INFO ] Start training from epoch: 5, iter: 0
24-12-27 23:17:40 [C:\Users\Akasasin\PycharmProjects\SpeakerExtraction\SpeakerExtraction\trainer.py:98 - INFO ] Finished *** <epoch:5, iter:1, lr:5.000e-05, sisnr loss:0.000, accuracy:0.000, Total time:0.147 min> 
24-12-27 23:17:40 [C:\Users\Akasasin\PycharmProjects\SpeakerExtraction\SpeakerExtraction\trainer.py:102 - INFO ] Start Validation from epoch: 5, iter: 0
24-12-27 23:17:49 [C:\Users\Akasasin\PycharmProjects\SpeakerExtraction\SpeakerExtraction\trainer.py:134 - INFO ] Finished *** <epoch:5, iter:1, lr:5.000e-05, sisnr loss:0.000, accuracy: 0.000, Total time:0.146 min> 
24-12-27 23:17:49 [C:\Users\Akasasin\PycharmProjects\SpeakerExtraction\SpeakerExtraction\trainer.py:165 - INFO ] No improvement, Best Loss: 0.0000, Accuracy: 0.0000
24-12-27 23:17:49 [C:\Users\Akasasin\PycharmProjects\SpeakerExtraction\SpeakerExtraction\trainer.py:58 - INFO ] Start training from epoch: 6, iter: 0
24-12-27 23:17:57 [C:\Users\Akasasin\PycharmProjects\SpeakerExtraction\SpeakerExtraction\trainer.py:98 - INFO ] Finished *** <epoch:6, iter:1, lr:5.000e-05, sisnr loss:0.000, accuracy:0.000, Total time:0.146 min> 
24-12-27 23:17:57 [C:\Users\Akasasin\PycharmProjects\SpeakerExtraction\SpeakerExtraction\trainer.py:102 - INFO ] Start Validation from epoch: 6, iter: 0
24-12-27 23:18:06 [C:\Users\Akasasin\PycharmProjects\SpeakerExtraction\SpeakerExtraction\trainer.py:134 - INFO ] Finished *** <epoch:6, iter:1, lr:5.000e-05, sisnr loss:0.000, accuracy: 0.000, Total time:0.143 min> 
24-12-27 23:18:06 [C:\Users\Akasasin\PycharmProjects\SpeakerExtraction\SpeakerExtraction\trainer.py:165 - INFO ] No improvement, Best Loss: 0.0000, Accuracy: 0.0000
24-12-27 23:18:06 [C:\Users\Akasasin\PycharmProjects\SpeakerExtraction\SpeakerExtraction\trainer.py:58 - INFO ] Start training from epoch: 7, iter: 0
24-12-27 23:18:15 [C:\Users\Akasasin\PycharmProjects\SpeakerExtraction\SpeakerExtraction\trainer.py:98 - INFO ] Finished *** <epoch:7, iter:1, lr:5.000e-05, sisnr loss:0.000, accuracy:0.000, Total time:0.142 min> 
24-12-27 23:18:15 [C:\Users\Akasasin\PycharmProjects\SpeakerExtraction\SpeakerExtraction\trainer.py:102 - INFO ] Start Validation from epoch: 7, iter: 0
24-12-27 23:18:23 [C:\Users\Akasasin\PycharmProjects\SpeakerExtraction\SpeakerExtraction\trainer.py:134 - INFO ] Finished *** <epoch:7, iter:1, lr:5.000e-05, sisnr loss:0.000, accuracy: 0.000, Total time:0.146 min> 
24-12-27 23:18:23 [C:\Users\Akasasin\PycharmProjects\SpeakerExtraction\SpeakerExtraction\trainer.py:165 - INFO ] No improvement, Best Loss: 0.0000, Accuracy: 0.0000
24-12-27 23:18:23 [C:\Users\Akasasin\PycharmProjects\SpeakerExtraction\SpeakerExtraction\trainer.py:58 - INFO ] Start training from epoch: 8, iter: 0
24-12-27 23:18:32 [C:\Users\Akasasin\PycharmProjects\SpeakerExtraction\SpeakerExtraction\trainer.py:98 - INFO ] Finished *** <epoch:8, iter:1, lr:2.500e-05, sisnr loss:0.000, accuracy:0.000, Total time:0.147 min> 
24-12-27 23:18:32 [C:\Users\Akasasin\PycharmProjects\SpeakerExtraction\SpeakerExtraction\trainer.py:102 - INFO ] Start Validation from epoch: 8, iter: 0
24-12-27 23:18:41 [C:\Users\Akasasin\PycharmProjects\SpeakerExtraction\SpeakerExtraction\trainer.py:134 - INFO ] Finished *** <epoch:8, iter:1, lr:2.500e-05, sisnr loss:0.000, accuracy: 0.000, Total time:0.147 min> 
24-12-27 23:18:41 [C:\Users\Akasasin\PycharmProjects\SpeakerExtraction\SpeakerExtraction\trainer.py:165 - INFO ] No improvement, Best Loss: 0.0000, Accuracy: 0.0000
24-12-27 23:18:41 [C:\Users\Akasasin\PycharmProjects\SpeakerExtraction\SpeakerExtraction\trainer.py:58 - INFO ] Start training from epoch: 9, iter: 0
24-12-27 23:18:50 [C:\Users\Akasasin\PycharmProjects\SpeakerExtraction\SpeakerExtraction\trainer.py:98 - INFO ] Finished *** <epoch:9, iter:1, lr:2.500e-05, sisnr loss:0.000, accuracy:0.000, Total time:0.149 min> 
24-12-27 23:18:50 [C:\Users\Akasasin\PycharmProjects\SpeakerExtraction\SpeakerExtraction\trainer.py:102 - INFO ] Start Validation from epoch: 9, iter: 0
24-12-27 23:18:59 [C:\Users\Akasasin\PycharmProjects\SpeakerExtraction\SpeakerExtraction\trainer.py:134 - INFO ] Finished *** <epoch:9, iter:1, lr:2.500e-05, sisnr loss:0.000, accuracy: 0.000, Total time:0.146 min> 
24-12-27 23:18:59 [C:\Users\Akasasin\PycharmProjects\SpeakerExtraction\SpeakerExtraction\trainer.py:165 - INFO ] No improvement, Best Loss: 0.0000, Accuracy: 0.0000
24-12-27 23:18:59 [C:\Users\Akasasin\PycharmProjects\SpeakerExtraction\SpeakerExtraction\trainer.py:58 - INFO ] Start training from epoch: 10, iter: 0
24-12-27 23:19:08 [C:\Users\Akasasin\PycharmProjects\SpeakerExtraction\SpeakerExtraction\trainer.py:98 - INFO ] Finished *** <epoch:10, iter:1, lr:2.500e-05, sisnr loss:0.000, accuracy:0.000, Total time:0.158 min> 
24-12-27 23:19:08 [C:\Users\Akasasin\PycharmProjects\SpeakerExtraction\SpeakerExtraction\trainer.py:102 - INFO ] Start Validation from epoch: 10, iter: 0
24-12-27 23:19:17 [C:\Users\Akasasin\PycharmProjects\SpeakerExtraction\SpeakerExtraction\trainer.py:134 - INFO ] Finished *** <epoch:10, iter:1, lr:2.500e-05, sisnr loss:0.000, accuracy: 0.000, Total time:0.150 min> 
24-12-27 23:19:17 [C:\Users\Akasasin\PycharmProjects\SpeakerExtraction\SpeakerExtraction\trainer.py:165 - INFO ] No improvement, Best Loss: 0.0000, Accuracy: 0.0000
24-12-27 23:19:17 [C:\Users\Akasasin\PycharmProjects\SpeakerExtraction\SpeakerExtraction\trainer.py:173 - INFO ] Stop training cause no improvement for 10 epochs
24-12-27 23:19:17 [C:\Users\Akasasin\PycharmProjects\SpeakerExtraction\SpeakerExtraction\trainer.py:176 - INFO ] Training for 10/100 epochs done!
